src/pages/Admin.tsx(2,133): error TS2307: Cannot find module '@/lib/store' or its corresponding type declarations.
src/pages/Admin.tsx(3,47): error TS2307: Cannot find module '@/lib/productImages' or its corresponding type declarations.
src/pages/Admin.tsx(4,58): error TS2307: Cannot find module '@/components/ui/tabs' or its corresponding type declarations.
src/pages/Admin.tsx(5,24): error TS2307: Cannot find module '@/components/ui/button' or its corresponding type declarations.
src/pages/Admin.tsx(6,23): error TS2307: Cannot find module '@/components/ui/input' or its corresponding type declarations.
src/pages/Admin.tsx(7,58): error TS2307: Cannot find module '@/components/ui/card' or its corresponding type declarations.
src/pages/Admin.tsx(8,23): error TS2307: Cannot find module '@/components/ui/badge' or its corresponding type declarations.
src/pages/Admin.tsx(9,24): error TS2307: Cannot find module '@/components/ui/switch' or its corresponding type declarations.
src/pages/Admin.tsx(10,26): error TS2307: Cannot find module '@/components/ui/textarea' or its corresponding type declarations.
src/pages/Admin.tsx(11,26): error TS2307: Cannot find module '@/hooks/use-toast' or its corresponding type declarations.
src/pages/Admin.tsx(22,8): error TS2307: Cannot find module '@/lib/firestore' or its corresponding type declarations.
src/pages/Admin.tsx(49,7): error TS17004: Cannot use JSX unless the '--jsx' flag is provided.
src/pages/Admin.tsx(50,9): error TS17004: Cannot use JSX unless the '--jsx' flag is provided.
src/pages/Admin.tsx(51,11): error TS17004: Cannot use JSX unless the '--jsx' flag is provided.
src/pages/Admin.tsx(52,13): error TS17004: Cannot use JSX unless the '--jsx' flag is provided.
src/pages/Admin.tsx(53,13): error TS17004: Cannot use JSX unless the '--jsx' flag is provided.
src/pages/Admin.tsx(54,13): error TS17004: Cannot use JSX unless the '--jsx' flag is provided.
src/pages/Admin.tsx(56,11): error TS17004: Cannot use JSX unless the '--jsx' flag is provided.
src/pages/Admin.tsx(57,13): error TS17004: Cannot use JSX unless the '--jsx' flag is provided.
src/pages/Admin.tsx(58,15): error TS17004: Cannot use JSX unless the '--jsx' flag is provided.
src/pages/Admin.tsx(59,15): error TS17004: Cannot use JSX unless the '--jsx' flag is provided.
src/pages/Admin.tsx(60,15): error TS17004: Cannot use JSX unless the '--jsx' flag is provided.
src/pages/Admin.tsx(69,5): error TS17004: Cannot use JSX unless the '--jsx' flag is provided.
src/pages/Admin.tsx(70,7): error TS17004: Cannot use JSX unless the '--jsx' flag is provided.
src/pages/Admin.tsx(71,9): error TS17004: Cannot use JSX unless the '--jsx' flag is provided.
src/pages/Admin.tsx(72,11): error TS17004: Cannot use JSX unless the '--jsx' flag is provided.
src/pages/Admin.tsx(73,11): error TS17004: Cannot use JSX unless the '--jsx' flag is provided.
src/pages/Admin.tsx(75,9): error TS17004: Cannot use JSX unless the '--jsx' flag is provided.
src/pages/Admin.tsx(76,11): error TS17004: Cannot use JSX unless the '--jsx' flag is provided.
src/pages/Admin.tsx(79,7): error TS17004: Cannot use JSX unless the '--jsx' flag is provided.
src/pages/Admin.tsx(80,9): error TS17004: Cannot use JSX unless the '--jsx' flag is provided.
src/pages/Admin.tsx(81,11): error TS17004: Cannot use JSX unless the '--jsx' flag is provided.
src/pages/Admin.tsx(82,13): error TS17004: Cannot use JSX unless the '--jsx' flag is provided.
src/pages/Admin.tsx(82,59): error TS17004: Cannot use JSX unless the '--jsx' flag is provided.
src/pages/Admin.tsx(83,13): error TS17004: Cannot use JSX unless the '--jsx' flag is provided.
src/pages/Admin.tsx(83,61): error TS17004: Cannot use JSX unless the '--jsx' flag is provided.
src/pages/Admin.tsx(84,13): error TS17004: Cannot use JSX unless the '--jsx' flag is provided.
src/pages/Admin.tsx(84,60): error TS17004: Cannot use JSX unless the '--jsx' flag is provided.
src/pages/Admin.tsx(85,13): error TS17004: Cannot use JSX unless the '--jsx' flag is provided.
src/pages/Admin.tsx(85,60): error TS17004: Cannot use JSX unless the '--jsx' flag is provided.
src/pages/Admin.tsx(86,13): error TS17004: Cannot use JSX unless the '--jsx' flag is provided.
src/pages/Admin.tsx(86,58): error TS17004: Cannot use JSX unless the '--jsx' flag is provided.
src/pages/Admin.tsx(87,13): error TS17004: Cannot use JSX unless the '--jsx' flag is provided.
src/pages/Admin.tsx(87,61): error TS17004: Cannot use JSX unless the '--jsx' flag is provided.
src/pages/Admin.tsx(88,13): error TS17004: Cannot use JSX unless the '--jsx' flag is provided.
src/pages/Admin.tsx(88,61): error TS17004: Cannot use JSX unless the '--jsx' flag is provided.
src/pages/Admin.tsx(89,13): error TS17004: Cannot use JSX unless the '--jsx' flag is provided.
src/pages/Admin.tsx(89,60): error TS17004: Cannot use JSX unless the '--jsx' flag is provided.
src/pages/Admin.tsx(92,11): error TS17004: Cannot use JSX unless the '--jsx' flag is provided.
src/pages/Admin.tsx(92,39): error TS17004: Cannot use JSX unless the '--jsx' flag is provided.
src/pages/Admin.tsx(93,11): error TS17004: Cannot use JSX unless the '--jsx' flag is provided.
src/pages/Admin.tsx(93,41): error TS17004: Cannot use JSX unless the '--jsx' flag is provided.
src/pages/Admin.tsx(94,11): error TS17004: Cannot use JSX unless the '--jsx' flag is provided.
src/pages/Admin.tsx(94,40): error TS17004: Cannot use JSX unless the '--jsx' flag is provided.
src/pages/Admin.tsx(95,11): error TS17004: Cannot use JSX unless the '--jsx' flag is provided.
src/pages/Admin.tsx(95,40): error TS17004: Cannot use JSX unless the '--jsx' flag is provided.
src/pages/Admin.tsx(96,11): error TS17004: Cannot use JSX unless the '--jsx' flag is provided.
src/pages/Admin.tsx(96,38): error TS17004: Cannot use JSX unless the '--jsx' flag is provided.
src/pages/Admin.tsx(97,11): error TS17004: Cannot use JSX unless the '--jsx' flag is provided.
src/pages/Admin.tsx(97,41): error TS17004: Cannot use JSX unless the '--jsx' flag is provided.
src/pages/Admin.tsx(98,11): error TS17004: Cannot use JSX unless the '--jsx' flag is provided.
src/pages/Admin.tsx(98,41): error TS17004: Cannot use JSX unless the '--jsx' flag is provided.
src/pages/Admin.tsx(99,11): error TS17004: Cannot use JSX unless the '--jsx' flag is provided.
src/pages/Admin.tsx(99,40): error TS17004: Cannot use JSX unless the '--jsx' flag is provided.
src/pages/Admin.tsx(134,30): error TS17004: Cannot use JSX unless the '--jsx' flag is provided.
src/pages/Admin.tsx(137,5): error TS17004: Cannot use JSX unless the '--jsx' flag is provided.
src/pages/Admin.tsx(138,7): error TS17004: Cannot use JSX unless the '--jsx' flag is provided.
src/pages/Admin.tsx(140,9): error TS17004: Cannot use JSX unless the '--jsx' flag is provided.
src/pages/Admin.tsx(141,11): error TS17004: Cannot use JSX unless the '--jsx' flag is provided.
src/pages/Admin.tsx(142,13): error TS17004: Cannot use JSX unless the '--jsx' flag is provided.
src/pages/Admin.tsx(143,15): error TS17004: Cannot use JSX unless the '--jsx' flag is provided.
src/pages/Admin.tsx(144,17): error TS17004: Cannot use JSX unless the '--jsx' flag is provided.
src/pages/Admin.tsx(145,17): error TS17004: Cannot use JSX unless the '--jsx' flag is provided.
src/pages/Admin.tsx(147,15): error TS17004: Cannot use JSX unless the '--jsx' flag is provided.
src/pages/Admin.tsx(148,17): error TS17004: Cannot use JSX unless the '--jsx' flag is provided.
src/pages/Admin.tsx(149,17): error TS17004: Cannot use JSX unless the '--jsx' flag is provided.
src/pages/Admin.tsx(152,13): error TS17004: Cannot use JSX unless the '--jsx' flag is provided.
src/pages/Admin.tsx(153,111): error TS17004: Cannot use JSX unless the '--jsx' flag is provided.
src/pages/Admin.tsx(154,36): error TS17004: Cannot use JSX unless the '--jsx' flag is provided.
src/pages/Admin.tsx(156,13): error TS17004: Cannot use JSX unless the '--jsx' flag is provided.
src/pages/Admin.tsx(157,15): error TS17004: Cannot use JSX unless the '--jsx' flag is provided.
src/pages/Admin.tsx(159,13): error TS17004: Cannot use JSX unless the '--jsx' flag is provided.
src/pages/Admin.tsx(160,15): error TS17004: Cannot use JSX unless the '--jsx' flag is provided.
src/pages/Admin.tsx(161,17): error TS17004: Cannot use JSX unless the '--jsx' flag is provided.
src/pages/Admin.tsx(162,17): error TS17004: Cannot use JSX unless the '--jsx' flag is provided.
src/pages/Admin.tsx(163,19): error TS17004: Cannot use JSX unless the '--jsx' flag is provided.
src/pages/Admin.tsx(164,19): error TS17004: Cannot use JSX unless the '--jsx' flag is provided.
src/pages/Admin.tsx(165,19): error TS17004: Cannot use JSX unless the '--jsx' flag is provided.
src/pages/Admin.tsx(166,19): error TS17004: Cannot use JSX unless the '--jsx' flag is provided.
src/pages/Admin.tsx(167,19): error TS17004: Cannot use JSX unless the '--jsx' flag is provided.
src/pages/Admin.tsx(170,15): error TS17004: Cannot use JSX unless the '--jsx' flag is provided.
src/pages/Admin.tsx(171,17): error TS17004: Cannot use JSX unless the '--jsx' flag is provided.
src/pages/Admin.tsx(172,17): error TS17004: Cannot use JSX unless the '--jsx' flag is provided.
src/pages/Admin.tsx(174,15): error TS17004: Cannot use JSX unless the '--jsx' flag is provided.
src/pages/Admin.tsx(175,17): error TS17004: Cannot use JSX unless the '--jsx' flag is provided.
src/pages/Admin.tsx(176,17): error TS17004: Cannot use JSX unless the '--jsx' flag is provided.
src/pages/Admin.tsx(178,15): error TS17004: Cannot use JSX unless the '--jsx' flag is provided.
src/pages/Admin.tsx(179,17): error TS17004: Cannot use JSX unless the '--jsx' flag is provided.
src/pages/Admin.tsx(180,17): error TS17004: Cannot use JSX unless the '--jsx' flag is provided.
src/pages/Admin.tsx(282,5): error TS17004: Cannot use JSX unless the '--jsx' flag is provided.
src/pages/Admin.tsx(283,7): error TS17004: Cannot use JSX unless the '--jsx' flag is provided.
src/pages/Admin.tsx(284,9): error TS17004: Cannot use JSX unless the '--jsx' flag is provided.
src/pages/Admin.tsx(285,9): error TS17004: Cannot use JSX unless the '--jsx' flag is provided.
src/pages/Admin.tsx(285,75): error TS17004: Cannot use JSX unless the '--jsx' flag is provided.
src/pages/Admin.tsx(289,9): error TS17004: Cannot use JSX unless the '--jsx' flag is provided.
src/pages/Admin.tsx(290,11): error TS17004: Cannot use JSX unless the '--jsx' flag is provided.
src/pages/Admin.tsx(292,13): error TS17004: Cannot use JSX unless the '--jsx' flag is provided.
src/pages/Admin.tsx(293,15): error TS17004: Cannot use JSX unless the '--jsx' flag is provided.
src/pages/Admin.tsx(294,15): error TS17004: Cannot use JSX unless the '--jsx' flag is provided.
src/pages/Admin.tsx(295,17): error TS17004: Cannot use JSX unless the '--jsx' flag is provided.
src/pages/Admin.tsx(295,22): error TS17004: Cannot use JSX unless the '--jsx' flag is provided.
src/pages/Admin.tsx(295,83): error TS17004: Cannot use JSX unless the '--jsx' flag is provided.
src/pages/Admin.tsx(296,17): error TS17004: Cannot use JSX unless the '--jsx' flag is provided.
src/pages/Admin.tsx(296,22): error TS17004: Cannot use JSX unless the '--jsx' flag is provided.
src/pages/Admin.tsx(296,87): error TS17004: Cannot use JSX unless the '--jsx' flag is provided.
src/pages/Admin.tsx(297,17): error TS17004: Cannot use JSX unless the '--jsx' flag is provided.
src/pages/Admin.tsx(297,22): error TS17004: Cannot use JSX unless the '--jsx' flag is provided.
src/pages/Admin.tsx(297,93): error TS17004: Cannot use JSX unless the '--jsx' flag is provided.
src/pages/Admin.tsx(298,17): error TS17004: Cannot use JSX unless the '--jsx' flag is provided.
src/pages/Admin.tsx(298,22): error TS17004: Cannot use JSX unless the '--jsx' flag is provided.
src/pages/Admin.tsx(298,86): error TS17004: Cannot use JSX unless the '--jsx' flag is provided.
src/pages/Admin.tsx(299,17): error TS17004: Cannot use JSX unless the '--jsx' flag is provided.
src/pages/Admin.tsx(299,22): error TS17004: Cannot use JSX unless the '--jsx' flag is provided.
src/pages/Admin.tsx(299,84): error TS17004: Cannot use JSX unless the '--jsx' flag is provided.
src/pages/Admin.tsx(301,15): error TS17004: Cannot use JSX unless the '--jsx' flag is provided.
src/pages/Admin.tsx(301,37): error TS17004: Cannot use JSX unless the '--jsx' flag is provided.
src/pages/Admin.tsx(301,105): error TS17004: Cannot use JSX unless the '--jsx' flag is provided.
src/pages/Admin.tsx(302,15): error TS17004: Cannot use JSX unless the '--jsx' flag is provided.
src/pages/Admin.tsx(302,61): error TS17004: Cannot use JSX unless the '--jsx' flag is provided.
src/pages/Admin.tsx(302,161): error TS17004: Cannot use JSX unless the '--jsx' flag is provided.
src/pages/Admin.tsx(306,13): error TS17004: Cannot use JSX unless the '--jsx' flag is provided.
src/pages/Admin.tsx(307,15): error TS17004: Cannot use JSX unless the '--jsx' flag is provided.
src/pages/Admin.tsx(307,108): error TS17004: Cannot use JSX unless the '--jsx' flag is provided.
src/pages/Admin.tsx(308,15): error TS17004: Cannot use JSX unless the '--jsx' flag is provided.
src/pages/Admin.tsx(310,19): error TS17004: Cannot use JSX unless the '--jsx' flag is provided.
src/pages/Admin.tsx(311,21): error TS17004: Cannot use JSX unless the '--jsx' flag is provided.
src/pages/Admin.tsx(312,21): error TS17004: Cannot use JSX unless the '--jsx' flag is provided.
src/pages/Admin.tsx(313,23): error TS17004: Cannot use JSX unless the '--jsx' flag is provided.
src/pages/Admin.tsx(313,104): error TS17004: Cannot use JSX unless the '--jsx' flag is provided.
src/pages/Admin.tsx(314,23): error TS17004: Cannot use JSX unless the '--jsx' flag is provided.
src/pages/Admin.tsx(314,103): error TS17004: Cannot use JSX unless the '--jsx' flag is provided.
src/pages/Admin.tsx(315,23): error TS17004: Cannot use JSX unless the '--jsx' flag is provided.
src/pages/Admin.tsx(315,131): error TS17004: Cannot use JSX unless the '--jsx' flag is provided.
src/pages/Admin.tsx(317,21): error TS17004: Cannot use JSX unless the '--jsx' flag is provided.
src/pages/Admin.tsx(321,15): error TS17004: Cannot use JSX unless the '--jsx' flag is provided.
src/pages/Admin.tsx(322,17): error TS17004: Cannot use JSX unless the '--jsx' flag is provided.
src/pages/Admin.tsx(324,19): error TS17004: Cannot use JSX unless the '--jsx' flag is provided.
src/pages/Admin.tsx(330,13): error TS17004: Cannot use JSX unless the '--jsx' flag is provided.
src/pages/Admin.tsx(331,15): error TS17004: Cannot use JSX unless the '--jsx' flag is provided.
src/pages/Admin.tsx(332,15): error TS17004: Cannot use JSX unless the '--jsx' flag is provided.
src/pages/Admin.tsx(334,19): error TS17004: Cannot use JSX unless the '--jsx' flag is provided.
src/pages/Admin.tsx(335,21): error TS17004: Cannot use JSX unless the '--jsx' flag is provided.
src/pages/Admin.tsx(336,21): error TS17004: Cannot use JSX unless the '--jsx' flag is provided.
src/pages/Admin.tsx(336,158): error TS17004: Cannot use JSX unless the '--jsx' flag is provided.
src/pages/Admin.tsx(339,17): error TS17004: Cannot use JSX unless the '--jsx' flag is provided.
src/pages/Admin.tsx(339,151): error TS17004: Cannot use JSX unless the '--jsx' flag is provided.
src/pages/Admin.tsx(344,13): error TS17004: Cannot use JSX unless the '--jsx' flag is provided.
src/pages/Admin.tsx(345,15): error TS17004: Cannot use JSX unless the '--jsx' flag is provided.
src/pages/Admin.tsx(346,15): error TS17004: Cannot use JSX unless the '--jsx' flag is provided.
src/pages/Admin.tsx(348,19): error TS17004: Cannot use JSX unless the '--jsx' flag is provided.
src/pages/Admin.tsx(349,21): error TS17004: Cannot use JSX unless the '--jsx' flag is provided.
src/pages/Admin.tsx(350,21): error TS17004: Cannot use JSX unless the '--jsx' flag is provided.
src/pages/Admin.tsx(350,152): error TS17004: Cannot use JSX unless the '--jsx' flag is provided.
src/pages/Admin.tsx(353,17): error TS17004: Cannot use JSX unless the '--jsx' flag is provided.
src/pages/Admin.tsx(353,142): error TS17004: Cannot use JSX unless the '--jsx' flag is provided.
src/pages/Admin.tsx(358,13): error TS17004: Cannot use JSX unless the '--jsx' flag is provided.
src/pages/Admin.tsx(359,15): error TS17004: Cannot use JSX unless the '--jsx' flag is provided.
src/pages/Admin.tsx(360,17): error TS17004: Cannot use JSX unless the '--jsx' flag is provided.
src/pages/Admin.tsx(361,17): error TS17004: Cannot use JSX unless the '--jsx' flag is provided.
src/pages/Admin.tsx(363,15): error TS17004: Cannot use JSX unless the '--jsx' flag is provided.
src/pages/Admin.tsx(365,19): error TS17004: Cannot use JSX unless the '--jsx' flag is provided.
src/pages/Admin.tsx(366,21): error TS17004: Cannot use JSX unless the '--jsx' flag is provided.
src/pages/Admin.tsx(367,23): error TS17004: Cannot use JSX unless the '--jsx' flag is provided.
src/pages/Admin.tsx(368,23): error TS17004: Cannot use JSX unless the '--jsx' flag is provided.
src/pages/Admin.tsx(370,21): error TS17004: Cannot use JSX unless the '--jsx' flag is provided.
src/pages/Admin.tsx(371,23): error TS17004: Cannot use JSX unless the '--jsx' flag is provided.
src/pages/Admin.tsx(372,23): error TS17004: Cannot use JSX unless the '--jsx' flag is provided.
src/pages/Admin.tsx(374,21): error TS17004: Cannot use JSX unless the '--jsx' flag is provided.
src/pages/Admin.tsx(375,23): error TS17004: Cannot use JSX unless the '--jsx' flag is provided.
src/pages/Admin.tsx(380,15): error TS17004: Cannot use JSX unless the '--jsx' flag is provided.
src/pages/Admin.tsx(380,89): error TS17004: Cannot use JSX unless the '--jsx' flag is provided.
src/pages/Admin.tsx(384,13): error TS17004: Cannot use JSX unless the '--jsx' flag is provided.
src/pages/Admin.tsx(385,15): error TS17004: Cannot use JSX unless the '--jsx' flag is provided.
src/pages/Admin.tsx(386,15): error TS17004: Cannot use JSX unless the '--jsx' flag is provided.
src/pages/Admin.tsx(391,19): error TS17004: Cannot use JSX unless the '--jsx' flag is provided.
src/pages/Admin.tsx(391,24): error TS2322: Type 'string | number | symbol' is not assignable to type 'Key'.
  Type 'symbol' is not assignable to type 'Key'.
src/pages/Admin.tsx(391,34): error TS17004: Cannot use JSX unless the '--jsx' flag is provided.
src/pages/Admin.tsx(391,98): error TS17004: Cannot use JSX unless the '--jsx' flag is provided.
src/pages/Admin.tsx(396,13): error TS17004: Cannot use JSX unless the '--jsx' flag is provided.
src/pages/Admin.tsx(397,15): error TS17004: Cannot use JSX unless the '--jsx' flag is provided.
src/pages/Admin.tsx(397,63): error TS17004: Cannot use JSX unless the '--jsx' flag is provided.
src/pages/Admin.tsx(398,15): error TS17004: Cannot use JSX unless the '--jsx' flag is provided.
src/pages/Admin.tsx(398,82): error TS17004: Cannot use JSX unless the '--jsx' flag is provided.
src/pages/Admin.tsx(405,9): error TS17004: Cannot use JSX unless the '--jsx' flag is provided.
src/pages/Admin.tsx(406,11): error TS17004: Cannot use JSX unless the '--jsx' flag is provided.
src/pages/Admin.tsx(407,37): error TS17004: Cannot use JSX unless the '--jsx' flag is provided.
src/pages/Admin.tsx(408,13): error TS17004: Cannot use JSX unless the '--jsx' flag is provided.
src/pages/Admin.tsx(409,15): error TS17004: Cannot use JSX unless the '--jsx' flag is provided.
src/pages/Admin.tsx(410,15): error TS17004: Cannot use JSX unless the '--jsx' flag is provided.
src/pages/Admin.tsx(411,30): error TS17004: Cannot use JSX unless the '--jsx' flag is provided.
src/pages/Admin.tsx(412,15): error TS17004: Cannot use JSX unless the '--jsx' flag is provided.
src/pages/Admin.tsx(416,13): error TS17004: Cannot use JSX unless the '--jsx' flag is provided.
src/pages/Admin.tsx(417,15): error TS17004: Cannot use JSX unless the '--jsx' flag is provided.
src/pages/Admin.tsx(417,88): error TS17004: Cannot use JSX unless the '--jsx' flag is provided.
src/pages/Admin.tsx(418,15): error TS17004: Cannot use JSX unless the '--jsx' flag is provided.
src/pages/Admin.tsx(418,80): error TS17004: Cannot use JSX unless the '--jsx' flag is provided.
src/pages/Admin.tsx(459,5): error TS17004: Cannot use JSX unless the '--jsx' flag is provided.
src/pages/Admin.tsx(460,7): error TS17004: Cannot use JSX unless the '--jsx' flag is provided.
src/pages/Admin.tsx(461,9): error TS17004: Cannot use JSX unless the '--jsx' flag is provided.
src/pages/Admin.tsx(462,9): error TS17004: Cannot use JSX unless the '--jsx' flag is provided.
src/pages/Admin.tsx(462,74): error TS17004: Cannot use JSX unless the '--jsx' flag is provided.
src/pages/Admin.tsx(466,9): error TS17004: Cannot use JSX unless the '--jsx' flag is provided.
src/pages/Admin.tsx(467,11): error TS17004: Cannot use JSX unless the '--jsx' flag is provided.
src/pages/Admin.tsx(468,13): error TS17004: Cannot use JSX unless the '--jsx' flag is provided.
src/pages/Admin.tsx(469,15): error TS17004: Cannot use JSX unless the '--jsx' flag is provided.
src/pages/Admin.tsx(469,20): error TS17004: Cannot use JSX unless the '--jsx' flag is provided.
src/pages/Admin.tsx(469,88): error TS17004: Cannot use JSX unless the '--jsx' flag is provided.
src/pages/Admin.tsx(470,15): error TS17004: Cannot use JSX unless the '--jsx' flag is provided.
src/pages/Admin.tsx(470,20): error TS17004: Cannot use JSX unless the '--jsx' flag is provided.
src/pages/Admin.tsx(470,107): error TS17004: Cannot use JSX unless the '--jsx' flag is provided.
src/pages/Admin.tsx(471,15): error TS17004: Cannot use JSX unless the '--jsx' flag is provided.
src/pages/Admin.tsx(471,20): error TS17004: Cannot use JSX unless the '--jsx' flag is provided.
src/pages/Admin.tsx(471,102): error TS17004: Cannot use JSX unless the '--jsx' flag is provided.
src/pages/Admin.tsx(472,15): error TS17004: Cannot use JSX unless the '--jsx' flag is provided.
src/pages/Admin.tsx(472,20): error TS17004: Cannot use JSX unless the '--jsx' flag is provided.
src/pages/Admin.tsx(472,96): error TS17004: Cannot use JSX unless the '--jsx' flag is provided.
src/pages/Admin.tsx(473,15): error TS17004: Cannot use JSX unless the '--jsx' flag is provided.
src/pages/Admin.tsx(473,20): error TS17004: Cannot use JSX unless the '--jsx' flag is provided.
src/pages/Admin.tsx(473,101): error TS17004: Cannot use JSX unless the '--jsx' flag is provided.
src/pages/Admin.tsx(474,15): error TS17004: Cannot use JSX unless the '--jsx' flag is provided.
src/pages/Admin.tsx(474,20): error TS17004: Cannot use JSX unless the '--jsx' flag is provided.
src/pages/Admin.tsx(474,88): error TS17004: Cannot use JSX unless the '--jsx' flag is provided.
src/pages/Admin.tsx(476,13): error TS17004: Cannot use JSX unless the '--jsx' flag is provided.
src/pages/Admin.tsx(476,54): error TS17004: Cannot use JSX unless the '--jsx' flag is provided.
src/pages/Admin.tsx(476,150): error TS17004: Cannot use JSX unless the '--jsx' flag is provided.
src/pages/Admin.tsx(477,13): error TS17004: Cannot use JSX unless the '--jsx' flag is provided.
src/pages/Admin.tsx(478,15): error TS17004: Cannot use JSX unless the '--jsx' flag is provided.
src/pages/Admin.tsx(478,63): error TS17004: Cannot use JSX unless the '--jsx' flag is provided.
src/pages/Admin.tsx(479,15): error TS17004: Cannot use JSX unless the '--jsx' flag is provided.
src/pages/Admin.tsx(479,82): error TS17004: Cannot use JSX unless the '--jsx' flag is provided.
src/pages/Admin.tsx(486,9): error TS17004: Cannot use JSX unless the '--jsx' flag is provided.
src/pages/Admin.tsx(487,11): error TS17004: Cannot use JSX unless the '--jsx' flag is provided.
src/pages/Admin.tsx(488,13): error TS17004: Cannot use JSX unless the '--jsx' flag is provided.
src/pages/Admin.tsx(489,15): error TS17004: Cannot use JSX unless the '--jsx' flag is provided.
src/pages/Admin.tsx(490,15): error TS17004: Cannot use JSX unless the '--jsx' flag is provided.
src/pages/Admin.tsx(494,15): error TS17004: Cannot use JSX unless the '--jsx' flag is provided.
src/pages/Admin.tsx(496,31): error TS17004: Cannot use JSX unless the '--jsx' flag is provided.
src/pages/Admin.tsx(499,13): error TS17004: Cannot use JSX unless the '--jsx' flag is provided.
src/pages/Admin.tsx(500,15): error TS17004: Cannot use JSX unless the '--jsx' flag is provided.
src/pages/Admin.tsx(500,88): error TS17004: Cannot use JSX unless the '--jsx' flag is provided.
src/pages/Admin.tsx(501,15): error TS17004: Cannot use JSX unless the '--jsx' flag is provided.
src/pages/Admin.tsx(501,80): error TS17004: Cannot use JSX unless the '--jsx' flag is provided.
src/pages/Admin.tsx(523,31): error TS17004: Cannot use JSX unless the '--jsx' flag is provided.
src/pages/Admin.tsx(526,5): error TS17004: Cannot use JSX unless the '--jsx' flag is provided.
src/pages/Admin.tsx(527,7): error TS17004: Cannot use JSX unless the '--jsx' flag is provided.
src/pages/Admin.tsx(531,11): error TS17004: Cannot use JSX unless the '--jsx' flag is provided.
src/pages/Admin.tsx(532,13): error TS17004: Cannot use JSX unless the '--jsx' flag is provided.
src/pages/Admin.tsx(533,15): error TS17004: Cannot use JSX unless the '--jsx' flag is provided.
src/pages/Admin.tsx(534,17): error TS17004: Cannot use JSX unless the '--jsx' flag is provided.
src/pages/Admin.tsx(535,19): error TS17004: Cannot use JSX unless the '--jsx' flag is provided.
src/pages/Admin.tsx(536,19): error TS17004: Cannot use JSX unless the '--jsx' flag is provided.
src/pages/Admin.tsx(537,19): error TS17004: Cannot use JSX unless the '--jsx' flag is provided.
src/pages/Admin.tsx(539,23): error TS17004: Cannot use JSX unless the '--jsx' flag is provided.
src/pages/Admin.tsx(543,17): error TS17004: Cannot use JSX unless the '--jsx' flag is provided.
src/pages/Admin.tsx(544,19): error TS17004: Cannot use JSX unless the '--jsx' flag is provided.
src/pages/Admin.tsx(545,34): error TS17004: Cannot use JSX unless the '--jsx' flag is provided.
src/pages/Admin.tsx(546,19): error TS17004: Cannot use JSX unless the '--jsx' flag is provided.
src/pages/Admin.tsx(546,84): error TS17004: Cannot use JSX unless the '--jsx' flag is provided.
src/pages/Admin.tsx(549,15): error TS17004: Cannot use JSX unless the '--jsx' flag is provided.
src/pages/Admin.tsx(561,29): error TS17004: Cannot use JSX unless the '--jsx' flag is provided.
src/pages/Admin.tsx(563,5): error TS17004: Cannot use JSX unless the '--jsx' flag is provided.
src/pages/Admin.tsx(564,7): error TS17004: Cannot use JSX unless the '--jsx' flag is provided.
src/pages/Admin.tsx(566,9): error TS17004: Cannot use JSX unless the '--jsx' flag is provided.
src/pages/Admin.tsx(567,11): error TS17004: Cannot use JSX unless the '--jsx' flag is provided.
src/pages/Admin.tsx(568,13): error TS17004: Cannot use JSX unless the '--jsx' flag is provided.
src/pages/Admin.tsx(569,15): error TS17004: Cannot use JSX unless the '--jsx' flag is provided.
src/pages/Admin.tsx(570,15): error TS17004: Cannot use JSX unless the '--jsx' flag is provided.
src/pages/Admin.tsx(571,15): error TS17004: Cannot use JSX unless the '--jsx' flag is provided.
src/pages/Admin.tsx(592,32): error TS17004: Cannot use JSX unless the '--jsx' flag is provided.
src/pages/Admin.tsx(595,5): error TS17004: Cannot use JSX unless the '--jsx' flag is provided.
src/pages/Admin.tsx(596,7): error TS17004: Cannot use JSX unless the '--jsx' flag is provided.
src/pages/Admin.tsx(598,9): error TS17004: Cannot use JSX unless the '--jsx' flag is provided.
src/pages/Admin.tsx(599,11): error TS17004: Cannot use JSX unless the '--jsx' flag is provided.
src/pages/Admin.tsx(600,13): error TS17004: Cannot use JSX unless the '--jsx' flag is provided.
src/pages/Admin.tsx(601,15): error TS17004: Cannot use JSX unless the '--jsx' flag is provided.
src/pages/Admin.tsx(602,17): error TS17004: Cannot use JSX unless the '--jsx' flag is provided.
src/pages/Admin.tsx(603,17): error TS17004: Cannot use JSX unless the '--jsx' flag is provided.
src/pages/Admin.tsx(605,15): error TS17004: Cannot use JSX unless the '--jsx' flag is provided.
src/pages/Admin.tsx(606,17): error TS17004: Cannot use JSX unless the '--jsx' flag is provided.
src/pages/Admin.tsx(607,17): error TS17004: Cannot use JSX unless the '--jsx' flag is provided.
src/pages/Admin.tsx(607,82): error TS17004: Cannot use JSX unless the '--jsx' flag is provided.
src/pages/Admin.tsx(610,13): error TS17004: Cannot use JSX unless the '--jsx' flag is provided.
src/pages/Admin.tsx(632,5): error TS17004: Cannot use JSX unless the '--jsx' flag is provided.
src/pages/Admin.tsx(633,7): error TS17004: Cannot use JSX unless the '--jsx' flag is provided.
src/pages/Admin.tsx(634,7): error TS17004: Cannot use JSX unless the '--jsx' flag is provided.
src/pages/Admin.tsx(634,13): error TS17004: Cannot use JSX unless the '--jsx' flag is provided.
src/pages/Admin.tsx(634,25): error TS17004: Cannot use JSX unless the '--jsx' flag is provided.
src/pages/Admin.tsx(634,99): error TS17004: Cannot use JSX unless the '--jsx' flag is provided.
src/pages/Admin.tsx(634,112): error TS17004: Cannot use JSX unless the '--jsx' flag is provided.
src/pages/Admin.tsx(635,7): error TS17004: Cannot use JSX unless the '--jsx' flag is provided.
src/pages/Admin.tsx(636,9): error TS17004: Cannot use JSX unless the '--jsx' flag is provided.
src/pages/Admin.tsx(636,21): error TS17004: Cannot use JSX unless the '--jsx' flag is provided.
src/pages/Admin.tsx(637,9): error TS17004: Cannot use JSX unless the '--jsx' flag is provided.
src/pages/Admin.tsx(638,11): error TS17004: Cannot use JSX unless the '--jsx' flag is provided.
src/pages/Admin.tsx(638,16): error TS17004: Cannot use JSX unless the '--jsx' flag is provided.
src/pages/Admin.tsx(638,92): error TS17004: Cannot use JSX unless the '--jsx' flag is provided.
src/pages/Admin.tsx(639,11): error TS17004: Cannot use JSX unless the '--jsx' flag is provided.
src/pages/Admin.tsx(639,16): error TS17004: Cannot use JSX unless the '--jsx' flag is provided.
src/pages/Admin.tsx(639,100): error TS17004: Cannot use JSX unless the '--jsx' flag is provided.
src/pages/Admin.tsx(640,11): error TS17004: Cannot use JSX unless the '--jsx' flag is provided.
src/pages/Admin.tsx(640,16): error TS17004: Cannot use JSX unless the '--jsx' flag is provided.
src/pages/Admin.tsx(640,95): error TS17004: Cannot use JSX unless the '--jsx' flag is provided.
src/pages/Admin.tsx(641,11): error TS17004: Cannot use JSX unless the '--jsx' flag is provided.
src/pages/Admin.tsx(641,16): error TS17004: Cannot use JSX unless the '--jsx' flag is provided.
src/pages/Admin.tsx(641,93): error TS17004: Cannot use JSX unless the '--jsx' flag is provided.
src/pages/Admin.tsx(644,7): error TS17004: Cannot use JSX unless the '--jsx' flag is provided.
src/pages/Admin.tsx(645,9): error TS17004: Cannot use JSX unless the '--jsx' flag is provided.
src/pages/Admin.tsx(645,21): error TS17004: Cannot use JSX unless the '--jsx' flag is provided.
src/pages/Admin.tsx(646,9): error TS17004: Cannot use JSX unless the '--jsx' flag is provided.
src/pages/Admin.tsx(647,11): error TS17004: Cannot use JSX unless the '--jsx' flag is provided.
src/pages/Admin.tsx(647,52): error TS17004: Cannot use JSX unless the '--jsx' flag is provided.
src/pages/Admin.tsx(647,149): error TS17004: Cannot use JSX unless the '--jsx' flag is provided.
src/pages/Admin.tsx(648,40): error TS17004: Cannot use JSX unless the '--jsx' flag is provided.
src/pages/Admin.tsx(648,45): error TS17004: Cannot use JSX unless the '--jsx' flag is provided.
src/pages/Admin.tsx(648,114): error TS17004: Cannot use JSX unless the '--jsx' flag is provided.
src/pages/Admin.tsx(649,11): error TS17004: Cannot use JSX unless the '--jsx' flag is provided.
src/pages/Admin.tsx(649,52): error TS17004: Cannot use JSX unless the '--jsx' flag is provided.
src/pages/Admin.tsx(649,139): error TS17004: Cannot use JSX unless the '--jsx' flag is provided.
src/pages/Admin.tsx(652,7): error TS17004: Cannot use JSX unless the '--jsx' flag is provided.
src/pages/Admin.tsx(653,9): error TS17004: Cannot use JSX unless the '--jsx' flag is provided.
src/pages/Admin.tsx(653,21): error TS17004: Cannot use JSX unless the '--jsx' flag is provided.
src/pages/Admin.tsx(654,9): error TS17004: Cannot use JSX unless the '--jsx' flag is provided.
src/pages/Admin.tsx(655,11): error TS17004: Cannot use JSX unless the '--jsx' flag is provided.
src/pages/Admin.tsx(655,16): error TS17004: Cannot use JSX unless the '--jsx' flag is provided.
src/pages/Admin.tsx(655,80): error TS17004: Cannot use JSX unless the '--jsx' flag is provided.
src/pages/Admin.tsx(656,11): error TS17004: Cannot use JSX unless the '--jsx' flag is provided.
src/pages/Admin.tsx(656,16): error TS17004: Cannot use JSX unless the '--jsx' flag is provided.
src/pages/Admin.tsx(656,78): error TS17004: Cannot use JSX unless the '--jsx' flag is provided.
src/pages/Admin.tsx(657,11): error TS17004: Cannot use JSX unless the '--jsx' flag is provided.
src/pages/Admin.tsx(657,16): error TS17004: Cannot use JSX unless the '--jsx' flag is provided.
src/pages/Admin.tsx(657,78): error TS17004: Cannot use JSX unless the '--jsx' flag is provided.
src/pages/Admin.tsx(658,11): error TS17004: Cannot use JSX unless the '--jsx' flag is provided.
src/pages/Admin.tsx(658,16): error TS17004: Cannot use JSX unless the '--jsx' flag is provided.
src/pages/Admin.tsx(658,78): error TS17004: Cannot use JSX unless the '--jsx' flag is provided.
src/pages/Admin.tsx(661,7): error TS17004: Cannot use JSX unless the '--jsx' flag is provided.
src/pages/Admin.tsx(661,33): error TS17004: Cannot use JSX unless the '--jsx' flag is provided.
src/pages/Admin.tsx(680,5): error TS17004: Cannot use JSX unless the '--jsx' flag is provided.
src/pages/Admin.tsx(681,7): error TS17004: Cannot use JSX unless the '--jsx' flag is provided.
src/pages/Admin.tsx(682,7): error TS17004: Cannot use JSX unless the '--jsx' flag is provided.
src/pages/Admin.tsx(683,9): error TS17004: Cannot use JSX unless the '--jsx' flag is provided.
src/pages/Admin.tsx(683,21): error TS17004: Cannot use JSX unless the '--jsx' flag is provided.
src/pages/Admin.tsx(684,9): error TS17004: Cannot use JSX unless the '--jsx' flag is provided.
src/pages/Admin.tsx(685,11): error TS17004: Cannot use JSX unless the '--jsx' flag is provided.
src/pages/Admin.tsx(685,16): error TS17004: Cannot use JSX unless the '--jsx' flag is provided.
src/pages/Admin.tsx(685,81): error TS17004: Cannot use JSX unless the '--jsx' flag is provided.
src/pages/Admin.tsx(686,11): error TS17004: Cannot use JSX unless the '--jsx' flag is provided.
src/pages/Admin.tsx(686,16): error TS17004: Cannot use JSX unless the '--jsx' flag is provided.
src/pages/Admin.tsx(686,80): error TS17004: Cannot use JSX unless the '--jsx' flag is provided.
src/pages/Admin.tsx(687,11): error TS17004: Cannot use JSX unless the '--jsx' flag is provided.
src/pages/Admin.tsx(688,13): error TS17004: Cannot use JSX unless the '--jsx' flag is provided.
src/pages/Admin.tsx(688,18): error TS17004: Cannot use JSX unless the '--jsx' flag is provided.
src/pages/Admin.tsx(688,87): error TS17004: Cannot use JSX unless the '--jsx' flag is provided.
src/pages/Admin.tsx(689,13): error TS17004: Cannot use JSX unless the '--jsx' flag is provided.
src/pages/Admin.tsx(689,18): error TS17004: Cannot use JSX unless the '--jsx' flag is provided.
src/pages/Admin.tsx(689,87): error TS17004: Cannot use JSX unless the '--jsx' flag is provided.
src/pages/Admin.tsx(693,7): error TS17004: Cannot use JSX unless the '--jsx' flag is provided.
src/pages/Admin.tsx(694,9): error TS17004: Cannot use JSX unless the '--jsx' flag is provided.
src/pages/Admin.tsx(694,21): error TS17004: Cannot use JSX unless the '--jsx' flag is provided.
src/pages/Admin.tsx(695,9): error TS17004: Cannot use JSX unless the '--jsx' flag is provided.
src/pages/Admin.tsx(697,13): error TS17004: Cannot use JSX unless the '--jsx' flag is provided.
src/pages/Admin.tsx(698,15): error TS17004: Cannot use JSX unless the '--jsx' flag is provided.
src/pages/Admin.tsx(699,15): error TS17004: Cannot use JSX unless the '--jsx' flag is provided.
src/pages/Admin.tsx(699,130): error TS17004: Cannot use JSX unless the '--jsx' flag is provided.
src/pages/Admin.tsx(702,11): error TS17004: Cannot use JSX unless the '--jsx' flag is provided.
src/pages/Admin.tsx(702,120): error TS17004: Cannot use JSX unless the '--jsx' flag is provided.
src/pages/Admin.tsx(705,7): error TS17004: Cannot use JSX unless the '--jsx' flag is provided.
src/pages/Admin.tsx(706,9): error TS17004: Cannot use JSX unless the '--jsx' flag is provided.
src/pages/Admin.tsx(706,21): error TS17004: Cannot use JSX unless the '--jsx' flag is provided.
src/pages/Admin.tsx(707,9): error TS17004: Cannot use JSX unless the '--jsx' flag is provided.
src/pages/Admin.tsx(708,11): error TS17004: Cannot use JSX unless the '--jsx' flag is provided.
src/pages/Admin.tsx(708,16): error TS17004: Cannot use JSX unless the '--jsx' flag is provided.
src/pages/Admin.tsx(708,80): error TS17004: Cannot use JSX unless the '--jsx' flag is provided.
src/pages/Admin.tsx(709,11): error TS17004: Cannot use JSX unless the '--jsx' flag is provided.
src/pages/Admin.tsx(709,16): error TS17004: Cannot use JSX unless the '--jsx' flag is provided.
src/pages/Admin.tsx(709,82): error TS17004: Cannot use JSX unless the '--jsx' flag is provided.
src/pages/Admin.tsx(710,11): error TS17004: Cannot use JSX unless the '--jsx' flag is provided.
src/pages/Admin.tsx(710,16): error TS17004: Cannot use JSX unless the '--jsx' flag is provided.
src/pages/Admin.tsx(710,79): error TS17004: Cannot use JSX unless the '--jsx' flag is provided.
src/pages/Admin.tsx(711,11): error TS17004: Cannot use JSX unless the '--jsx' flag is provided.
src/pages/Admin.tsx(711,16): error TS17004: Cannot use JSX unless the '--jsx' flag is provided.
src/pages/Admin.tsx(711,78): error TS17004: Cannot use JSX unless the '--jsx' flag is provided.
src/pages/Admin.tsx(714,7): error TS17004: Cannot use JSX unless the '--jsx' flag is provided.
src/pages/Admin.tsx(715,9): error TS17004: Cannot use JSX unless the '--jsx' flag is provided.
src/pages/Admin.tsx(715,21): error TS17004: Cannot use JSX unless the '--jsx' flag is provided.
src/pages/Admin.tsx(716,9): error TS17004: Cannot use JSX unless the '--jsx' flag is provided.
src/pages/Admin.tsx(717,11): error TS17004: Cannot use JSX unless the '--jsx' flag is provided.
src/pages/Admin.tsx(717,16): error TS17004: Cannot use JSX unless the '--jsx' flag is provided.
src/pages/Admin.tsx(717,85): error TS17004: Cannot use JSX unless the '--jsx' flag is provided.
src/pages/Admin.tsx(718,11): error TS17004: Cannot use JSX unless the '--jsx' flag is provided.
src/pages/Admin.tsx(718,16): error TS17004: Cannot use JSX unless the '--jsx' flag is provided.
src/pages/Admin.tsx(718,83): error TS17004: Cannot use JSX unless the '--jsx' flag is provided.
src/pages/Admin.tsx(719,11): error TS17004: Cannot use JSX unless the '--jsx' flag is provided.
src/pages/Admin.tsx(719,16): error TS17004: Cannot use JSX unless the '--jsx' flag is provided.
src/pages/Admin.tsx(719,86): error TS17004: Cannot use JSX unless the '--jsx' flag is provided.
src/pages/Admin.tsx(720,11): error TS17004: Cannot use JSX unless the '--jsx' flag is provided.
src/pages/Admin.tsx(720,16): error TS17004: Cannot use JSX unless the '--jsx' flag is provided.
src/pages/Admin.tsx(720,85): error TS17004: Cannot use JSX unless the '--jsx' flag is provided.
src/pages/Admin.tsx(723,7): error TS17004: Cannot use JSX unless the '--jsx' flag is provided.
src/pages/Admin.tsx(724,9): error TS17004: Cannot use JSX unless the '--jsx' flag is provided.
src/pages/Admin.tsx(724,21): error TS17004: Cannot use JSX unless the '--jsx' flag is provided.
src/pages/Admin.tsx(725,9): error TS17004: Cannot use JSX unless the '--jsx' flag is provided.
src/pages/Admin.tsx(726,11): error TS17004: Cannot use JSX unless the '--jsx' flag is provided.
src/pages/Admin.tsx(726,16): error TS17004: Cannot use JSX unless the '--jsx' flag is provided.
src/pages/Admin.tsx(726,93): error TS17004: Cannot use JSX unless the '--jsx' flag is provided.
src/pages/Admin.tsx(729,7): error TS17004: Cannot use JSX unless the '--jsx' flag is provided.
src/pages/Admin.tsx(730,9): error TS17004: Cannot use JSX unless the '--jsx' flag is provided.
src/pages/Admin.tsx(730,21): error TS17004: Cannot use JSX unless the '--jsx' flag is provided.
src/pages/Admin.tsx(731,9): error TS17004: Cannot use JSX unless the '--jsx' flag is provided.
src/pages/Admin.tsx(733,13): error TS17004: Cannot use JSX unless the '--jsx' flag is provided.
src/pages/Admin.tsx(734,15): error TS17004: Cannot use JSX unless the '--jsx' flag is provided.
src/pages/Admin.tsx(735,15): error TS17004: Cannot use JSX unless the '--jsx' flag is provided.
src/pages/Admin.tsx(735,146): error TS17004: Cannot use JSX unless the '--jsx' flag is provided.
src/pages/Admin.tsx(738,11): error TS17004: Cannot use JSX unless the '--jsx' flag is provided.
src/pages/Admin.tsx(738,133): error TS17004: Cannot use JSX unless the '--jsx' flag is provided.
src/pages/Admin.tsx(741,7): error TS17004: Cannot use JSX unless the '--jsx' flag is provided.
src/pages/Admin.tsx(742,9): error TS17004: Cannot use JSX unless the '--jsx' flag is provided.
src/pages/Admin.tsx(742,21): error TS17004: Cannot use JSX unless the '--jsx' flag is provided.
src/pages/Admin.tsx(743,9): error TS17004: Cannot use JSX unless the '--jsx' flag is provided.
src/pages/Admin.tsx(744,11): error TS17004: Cannot use JSX unless the '--jsx' flag is provided.
src/pages/Admin.tsx(746,15): error TS17004: Cannot use JSX unless the '--jsx' flag is provided.
src/pages/Admin.tsx(747,17): error TS17004: Cannot use JSX unless the '--jsx' flag is provided.
src/pages/Admin.tsx(748,17): error TS17004: Cannot use JSX unless the '--jsx' flag is provided.
src/pages/Admin.tsx(748,146): error TS17004: Cannot use JSX unless the '--jsx' flag is provided.
src/pages/Admin.tsx(751,13): error TS17004: Cannot use JSX unless the '--jsx' flag is provided.
src/pages/Admin.tsx(751,136): error TS17004: Cannot use JSX unless the '--jsx' flag is provided.
src/pages/Admin.tsx(753,11): error TS17004: Cannot use JSX unless the '--jsx' flag is provided.
src/pages/Admin.tsx(753,16): error TS17004: Cannot use JSX unless the '--jsx' flag is provided.
src/pages/Admin.tsx(753,104): error TS17004: Cannot use JSX unless the '--jsx' flag is provided.
src/pages/Admin.tsx(756,7): error TS17004: Cannot use JSX unless the '--jsx' flag is provided.
src/pages/Admin.tsx(757,9): error TS17004: Cannot use JSX unless the '--jsx' flag is provided.
src/pages/Admin.tsx(757,21): error TS17004: Cannot use JSX unless the '--jsx' flag is provided.
src/pages/Admin.tsx(758,9): error TS17004: Cannot use JSX unless the '--jsx' flag is provided.
src/pages/Admin.tsx(759,11): error TS17004: Cannot use JSX unless the '--jsx' flag is provided.
src/pages/Admin.tsx(760,13): error TS17004: Cannot use JSX unless the '--jsx' flag is provided.
src/pages/Admin.tsx(760,18): error TS17004: Cannot use JSX unless the '--jsx' flag is provided.
src/pages/Admin.tsx(760,79): error TS17004: Cannot use JSX unless the '--jsx' flag is provided.
src/pages/Admin.tsx(761,13): error TS17004: Cannot use JSX unless the '--jsx' flag is provided.
src/pages/Admin.tsx(761,18): error TS17004: Cannot use JSX unless the '--jsx' flag is provided.
src/pages/Admin.tsx(761,80): error TS17004: Cannot use JSX unless the '--jsx' flag is provided.
src/pages/Admin.tsx(763,11): error TS17004: Cannot use JSX unless the '--jsx' flag is provided.
src/pages/Admin.tsx(763,16): error TS17004: Cannot use JSX unless the '--jsx' flag is provided.
src/pages/Admin.tsx(763,80): error TS17004: Cannot use JSX unless the '--jsx' flag is provided.
src/pages/Admin.tsx(766,7): error TS17004: Cannot use JSX unless the '--jsx' flag is provided.
src/pages/Admin.tsx(767,9): error TS17004: Cannot use JSX unless the '--jsx' flag is provided.
src/pages/Admin.tsx(767,21): error TS17004: Cannot use JSX unless the '--jsx' flag is provided.
src/pages/Admin.tsx(768,9): error TS17004: Cannot use JSX unless the '--jsx' flag is provided.
src/pages/Admin.tsx(770,13): error TS17004: Cannot use JSX unless the '--jsx' flag is provided.
src/pages/Admin.tsx(771,15): error TS17004: Cannot use JSX unless the '--jsx' flag is provided.
src/pages/Admin.tsx(772,15): error TS17004: Cannot use JSX unless the '--jsx' flag is provided.
src/pages/Admin.tsx(772,126): error TS17004: Cannot use JSX unless the '--jsx' flag is provided.
src/pages/Admin.tsx(775,11): error TS17004: Cannot use JSX unless the '--jsx' flag is provided.
src/pages/Admin.tsx(775,114): error TS17004: Cannot use JSX unless the '--jsx' flag is provided.
src/pages/Admin.tsx(778,7): error TS17004: Cannot use JSX unless the '--jsx' flag is provided.
src/pages/Admin.tsx(778,33): error TS17004: Cannot use JSX unless the '--jsx' flag is provided.
